// Jest Snapshot v1, https://goo.gl/fbAQLP

exports[`components GithubSearch mounts the component 1`] = `
ShallowWrapper {
  "complexSelector": ComplexSelector {
    "buildPredicate": [Function],
    "childrenOfNode": [Function],
    "findWhereUnwrapped": [Function],
  },
  "length": 1,
  "node": <div>
    <label>
        Github User: 
        <input />
    </label>
    <button
        onClick={[Function]}
    >
        Get User
    </button>
    <ErrorBlock
        message="ajax error 404"
    />
</div>,
  "nodes": Array [
    <div>
      <label>
            Github User: 
            <input />
      </label>
      <button
            onClick={[Function]}
      >
            Get User
      </button>
      <ErrorBlock
            message="ajax error 404"
      />
</div>,
  ],
  "options": Object {},
  "renderer": ReactShallowRenderer {
    "_instance": ShallowComponentWrapper {
      "_calledComponentWillUnmount": false,
      "_compositeType": 0,
      "_context": Object {},
      "_currentElement": <GithubSearch
        error={
                Object {
                        "message": "ajax error 404",
                      }
        }
        getGithubUser={[Function]}
        user={null}
/>,
      "_debugID": 12,
      "_hostContainerInfo": null,
      "_hostParent": null,
      "_instance": GithubSearch {
        "_reactInternalInstance": [Circular],
        "context": Object {},
        "props": Object {
          "error": Object {
            "message": "ajax error 404",
          },
          "getGithubUser": [Function],
          "user": null,
        },
        "refs": Object {},
        "state": null,
        "updater": Object {
          "enqueueCallback": [Function],
          "enqueueCallbackInternal": [Function],
          "enqueueElementInternal": [Function],
          "enqueueForceUpdate": [Function],
          "enqueueReplaceState": [Function],
          "enqueueSetState": [Function],
          "isMounted": [Function],
          "validateCallback": [Function],
        },
      },
      "_mountOrder": 5,
      "_pendingCallbacks": null,
      "_pendingElement": null,
      "_pendingForceUpdate": false,
      "_pendingReplaceState": false,
      "_pendingStateQueue": null,
      "_renderedComponent": NoopInternalComponent {
        "_currentElement": <div>
          <label>
                    Github User: 
                    <input />
          </label>
          <button
                    onClick={[Function]}
          >
                    Get User
          </button>
          <ErrorBlock
                    message="ajax error 404"
          />
</div>,
        "_debugID": 13,
        "_renderedOutput": <div>
          <label>
                    Github User: 
                    <input />
          </label>
          <button
                    onClick={[Function]}
          >
                    Get User
          </button>
          <ErrorBlock
                    message="ajax error 404"
          />
</div>,
      },
      "_renderedNodeType": 0,
      "_rootNodeID": 0,
      "_topLevelWrapper": null,
      "_updateBatchNumber": null,
      "_warnedAboutRefsInRender": false,
    },
    "getRenderOutput": [Function],
    "render": [Function],
  },
  "root": [Circular],
  "unrendered": <GithubSearch
    error={
        Object {
            "message": "ajax error 404",
          }
    }
    getGithubUser={[Function]}
    user={null}
/>,
}
`;
