// Jest Snapshot v1, https://goo.gl/fbAQLP

exports[`components GithubSearch mounts the component 1`] = `
ShallowWrapper {
  "complexSelector": ComplexSelector {
    "buildPredicate": [Function],
    "childrenOfNode": [Function],
    "findWhereUnwrapped": [Function],
  },
  "length": 1,
  "node": <div
    className="github-user"
>
    <img
        src="https://myimage.com"
    />
    <h2>
        hally9k
    </h2>
    <h4>
        ID: 
        123456
    </h4>
</div>,
  "nodes": Array [
    <div
      className="github-user"
>
      <img
            src="https://myimage.com"
      />
      <h2>
            hally9k
      </h2>
      <h4>
            ID: 
            123456
      </h4>
</div>,
  ],
  "options": Object {},
  "renderer": ReactShallowRenderer {
    "_instance": ShallowComponentWrapper {
      "_calledComponentWillUnmount": false,
      "_compositeType": 0,
      "_context": Object {},
      "_currentElement": <GithubUser
        user={
                Object {
                        "avatar": "https://myimage.com",
                        "id": "123456",
                        "username": "hally9k",
                      }
        }
/>,
      "_debugID": 9,
      "_hostContainerInfo": null,
      "_hostParent": null,
      "_instance": GithubUser {
        "_reactInternalInstance": [Circular],
        "context": Object {},
        "props": Object {
          "user": Object {
            "avatar": "https://myimage.com",
            "id": "123456",
            "username": "hally9k",
          },
        },
        "refs": Object {},
        "state": null,
        "updater": Object {
          "enqueueCallback": [Function],
          "enqueueCallbackInternal": [Function],
          "enqueueElementInternal": [Function],
          "enqueueForceUpdate": [Function],
          "enqueueReplaceState": [Function],
          "enqueueSetState": [Function],
          "isMounted": [Function],
          "validateCallback": [Function],
        },
      },
      "_mountOrder": 4,
      "_pendingCallbacks": null,
      "_pendingElement": null,
      "_pendingForceUpdate": false,
      "_pendingReplaceState": false,
      "_pendingStateQueue": null,
      "_renderedComponent": NoopInternalComponent {
        "_currentElement": <div
          className="github-user"
>
          <img
                    src="https://myimage.com"
          />
          <h2>
                    hally9k
          </h2>
          <h4>
                    ID: 
                    123456
          </h4>
</div>,
        "_debugID": 10,
        "_renderedOutput": <div
          className="github-user"
>
          <img
                    src="https://myimage.com"
          />
          <h2>
                    hally9k
          </h2>
          <h4>
                    ID: 
                    123456
          </h4>
</div>,
      },
      "_renderedNodeType": 0,
      "_rootNodeID": 0,
      "_topLevelWrapper": null,
      "_updateBatchNumber": null,
      "_warnedAboutRefsInRender": false,
    },
    "getRenderOutput": [Function],
    "render": [Function],
  },
  "root": [Circular],
  "unrendered": <GithubUser
    user={
        Object {
            "avatar": "https://myimage.com",
            "id": "123456",
            "username": "hally9k",
          }
    }
/>,
}
`;
